[loventinvita.store/terracota-muse38d3.html]
[backblue.gif]
[fade.gif]
[index.html]
[framerusercontent.com/images/2UFHCWr6IJu4Ihtxco6nXrvSxws.png]
[loventinvita.store/terracota-muse.html]
[framerusercontent.com/images/xExZQfX1AEEKgDcZJHXOPGtOQQ2e10.png]
[framerusercontent.com/images/pqy7PR30hUjURBWmhTrozbEW0pQ4733.png]
[framerusercontent.com/images/INoIY73su9K0GXJibvVfZFC8HxU5ef5.png]
[framerusercontent.com/images/71CkApqWjgFgwHJxR4jG46hafQI8c14.png]
[framerusercontent.com/images/0wvXNPrRdmh769I38JTBTmWl95I44e5.png]
[framerusercontent.com/images/pt8KAvuwRp9hepwEkaOd4iYzU60de.png]
[framerusercontent.com/images/wkcqK7Tqw1BgO0tH10iDhCmu4o74ee.png]
[framerusercontent.com/images/YkuheWi2rFe3Pw9we5Kok8grI2b1a.png]
[framerusercontent.com/images/iuyIhq2aHtx18NLqqzNwCbJPuYYbf93.png]
[framerusercontent.com/images/8HAsUcoqHC8rmbpIC4FszU4sY3016.png]
[framerusercontent.com/images/Os69BLSsx73rqGyQtEsoJ9zxp4df37.png]
[framerusercontent.com/images/abaLQ4Kzbz9hqZ62puuSyXfb1Ycbe3.jpg]
[framerusercontent.com/images/4FMEJGzrYIoK5h7b4sAvhUoQCG0f383.jpg]
[framerusercontent.com/images/gMUeAqmXvPOknhruvbcVBbafq0f383.jpg]
[framerusercontent.com/images/w4UdLbTSO3z5JR2bGrY9Atweescbe3.jpg]
[framerusercontent.com/images/bPFn07usF6D5M1RKWPKYBEH1oI09a7.png]
[framerusercontent.com/images/TA37ZESYNBT0mXRjTda0yfBaqwcbe3.jpg]
[framerusercontent.com/images/fT8YypGQw83liKlT20BGuROYHREcbe3.jpg]
[framerusercontent.com/images/027WNdGTWYMtSUlORaLhnWhl2Mcbe3.jpg]
[loventinvita.store/terracota-muse38d3.html]
[loventinvita.store/terracota-muse.html]
